[p.w3layouts.com/demos/june-2016/01-06-2016/mosaic/web/blog.html]
[backblue.gif]
[fade.gif]
[index.html]
[p.w3layouts.com/demos/june-2016/01-06-2016/mosaic/web/css/bootstrap.css]
[p.w3layouts.com/demos/june-2016/01-06-2016/mosaic/web/css/style.css]
[p.w3layouts.com/demos/june-2016/01-06-2016/mosaic/web/css/font-awesome.css]
[p.w3layouts.com/demos/june-2016/01-06-2016/mosaic/web/css/icon-font.css]
[ajax.googleapis.com/ajax/libs/jquery/1.10.2/jquery.min.js]
[m.servedby-buysellads.com/monetization.js]
[codefund.io/properties/441/funder.js]
[p.w3layouts.com/demos/june-2016/01-06-2016/mosaic/web/js/jquery-2.1.4.js]
[p.w3layouts.com/js/autotrack.js]
[p.w3layouts.com/images/demobar_w3_16oct2019.css]
[p.w3layouts.com/demos/june-2016/01-06-2016/mosaic/web/index.html]
[p.w3layouts.com/demos/june-2016/01-06-2016/mosaic/web/radio.html]
[p.w3layouts.com/demos/june-2016/01-06-2016/mosaic/web/browse.html]
[p.w3layouts.com/demos/june-2016/01-06-2016/mosaic/web/404.html]
[p.w3layouts.com/demos/june-2016/01-06-2016/mosaic/web/typography.html]
[p.w3layouts.com/demos/june-2016/01-06-2016/mosaic/web/contact.html]
[p.w3layouts.com/demos/june-2016/01-06-2016/mosaic/web/images/1.png]
[p.w3layouts.com/demos/june-2016/01-06-2016/mosaic/web/images/2.png]
[p.w3layouts.com/demos/june-2016/01-06-2016/mosaic/web/images/apps.png]
[p.w3layouts.com/demos/june-2016/01-06-2016/mosaic/web/js/classie.js]
[p.w3layouts.com/demos/june-2016/01-06-2016/mosaic/web/js/uisearch.js]
[p.w3layouts.com/demos/june-2016/01-06-2016/mosaic/web/media/Blue Browne.ogg]
[p.w3layouts.com/demos/june-2016/01-06-2016/mosaic/web/media/Blue Browne.mp3]
[p.w3layouts.com/demos/june-2016/01-06-2016/mosaic/web/media/Georgia.ogg]
[p.w3layouts.com/demos/june-2016/01-06-2016/mosaic/web/media/Georgia.mp3]
[p.w3layouts.com/demos/june-2016/01-06-2016/mosaic/web/css/audio.css]
[p.w3layouts.com/demos/june-2016/01-06-2016/mosaic/web/js/mediaelement-and-player.min.js]
[p.w3layouts.com/demos/june-2016/01-06-2016/mosaic/web/images/arrow.png]
[p.w3layouts.com/demos/june-2016/01-06-2016/mosaic/web/images/arrow2.png]
[p.w3layouts.com/demos/june-2016/01-06-2016/mosaic/web/single.html]
[p.w3layouts.com/demos/june-2016/01-06-2016/mosaic/web/images/33.jpg]
[p.w3layouts.com/demos/june-2016/01-06-2016/mosaic/web/images/11.jpg]
[p.w3layouts.com/demos/june-2016/01-06-2016/mosaic/web/images/22.jpg]
[p.w3layouts.com/demos/june-2016/01-06-2016/mosaic/web/images/play1.png]
[p.w3layouts.com/demos/june-2016/01-06-2016/mosaic/web/images/play2.png]
[p.w3layouts.com/demos/june-2016/01-06-2016/mosaic/web/images/play4.png]
[p.w3layouts.com/demos/june-2016/01-06-2016/mosaic/web/images/play5.png]
[p.w3layouts.com/demos/june-2016/01-06-2016/mosaic/web/js/jquery.nicescroll.js]
[p.w3layouts.com/demos/june-2016/01-06-2016/mosaic/web/js/scripts.js]
[p.w3layouts.com/demos/june-2016/01-06-2016/mosaic/web/blog.html]
[p.w3layouts.com/demos/june-2016/01-06-2016/mosaic/web/js/bootstrap.js]
[p.w3layouts.com/demos/june-2016/01-06-2016/mosaic/web/fonts/glyphicons-halflings-regular.eot]
[p.w3layouts.com/demos/june-2016/01-06-2016/mosaic/web/fonts/glyphicons-halflings-regulard41d.eot]
[p.w3layouts.com/demos/june-2016/01-06-2016/mosaic/web/fonts/glyphicons-halflings-regular.woff2]
[p.w3layouts.com/demos/june-2016/01-06-2016/mosaic/web/fonts/glyphicons-halflings-regular.woff]
[p.w3layouts.com/demos/june-2016/01-06-2016/mosaic/web/fonts/glyphicons-halflings-regular.ttf]
[p.w3layouts.com/demos/june-2016/01-06-2016/mosaic/web/css/bootstrap.css]
[p.w3layouts.com/demos/june-2016/01-06-2016/mosaic/web/fonts/glyphicons-halflings-regular.svg]
[p.w3layouts.com/demos/june-2016/01-06-2016/mosaic/web/fonts/MavenPro-Regular.ttf]
[p.w3layouts.com/demos/june-2016/01-06-2016/mosaic/web/fonts/Lato-Regular.ttf]
[p.w3layouts.com/demos/june-2016/01-06-2016/mosaic/web/images/plus.png]
[p.w3layouts.com/demos/june-2016/01-06-2016/mosaic/web/images/minus.png]
[p.w3layouts.com/demos/june-2016/01-06-2016/mosaic/web/images/radio.png]
[p.w3layouts.com/demos/june-2016/01-06-2016/mosaic/web/images/radio1.png]
[p.w3layouts.com/demos/june-2016/01-06-2016/mosaic/web/images/search.png]
[p.w3layouts.com/demos/june-2016/01-06-2016/mosaic/web/images/arrows.png]
[p.w3layouts.com/demos/june-2016/01-06-2016/mosaic/web/images/fb.png]
[p.w3layouts.com/demos/june-2016/01-06-2016/mosaic/web/images/tw.png]
[p.w3layouts.com/demos/june-2016/01-06-2016/mosaic/web/images/pin.png]
[p.w3layouts.com/demos/june-2016/01-06-2016/mosaic/web/images/jplayer.blue.monday.png]
[p.w3layouts.com/demos/june-2016/01-06-2016/mosaic/web/images/social.png]
[p.w3layouts.com/demos/june-2016/01-06-2016/mosaic/web/images/icons.png]
[p.w3layouts.com/demos/june-2016/01-06-2016/mosaic/web/css/style.css]
[p.w3layouts.com/demos/june-2016/01-06-2016/mosaic/web/fonts/fontawesome-webfontba72.eot]
[p.w3layouts.com/demos/june-2016/01-06-2016/mosaic/web/fonts/fontawesome-webfontd41d.eot]
[p.w3layouts.com/demos/june-2016/01-06-2016/mosaic/web/fonts/fontawesome-webfontba72.woff]
[p.w3layouts.com/demos/june-2016/01-06-2016/mosaic/web/fonts/fontawesome-webfontba72.ttf]
[p.w3layouts.com/demos/june-2016/01-06-2016/mosaic/web/css/font-awesome.css]
[p.w3layouts.com/demos/june-2016/01-06-2016/mosaic/web/css/icon-font.css]
[p.w3layouts.com/images/demobar_w3_16oct2019.css]
[p.w3layouts.com/images/W3Layouts-light.svg]
[p.w3layouts.com/demos/june-2016/01-06-2016/mosaic/web/fonts/fontawesome-webfontba72.svg]
[p.w3layouts.com/demos/june-2016/01-06-2016/mosaic/web/js/responsiveslides.min.js]
[p.w3layouts.com/demos/june-2016/01-06-2016/mosaic/web/css/popuo-box.css]
[p.w3layouts.com/demos/june-2016/01-06-2016/mosaic/web/js/jquery.magnific-popup.js]
[p.w3layouts.com/demos/june-2016/01-06-2016/mosaic/web/images/v1.jpg]
[p.w3layouts.com/demos/june-2016/01-06-2016/mosaic/web/images/v2.jpg]
[p.w3layouts.com/demos/june-2016/01-06-2016/mosaic/web/images/v3.jpg]
[p.w3layouts.com/demos/june-2016/01-06-2016/mosaic/web/images/v4.jpg]
[p.w3layouts.com/demos/june-2016/01-06-2016/mosaic/web/images/v5.jpg]
[p.w3layouts.com/demos/june-2016/01-06-2016/mosaic/web/images/v6.jpg]
[p.w3layouts.com/demos/june-2016/01-06-2016/mosaic/web/images/v7.jpg]
[p.w3layouts.com/demos/june-2016/01-06-2016/mosaic/web/images/v8.jpg]
[p.w3layouts.com/demos/june-2016/01-06-2016/mosaic/web/images/v11.jpg]
[p.w3layouts.com/demos/june-2016/01-06-2016/mosaic/web/images/v22.jpg]
[p.w3layouts.com/demos/june-2016/01-06-2016/mosaic/web/images/v33.jpg]
[p.w3layouts.com/demos/june-2016/01-06-2016/mosaic/web/images/v44.jpg]
[p.w3layouts.com/demos/june-2016/01-06-2016/mosaic/web/images/v55.jpg]
[p.w3layouts.com/demos/june-2016/01-06-2016/mosaic/web/images/v66.jpg]
[p.w3layouts.com/demos/june-2016/01-06-2016/mosaic/web/video/play1.png]
[p.w3layouts.com/demos/june-2016/01-06-2016/mosaic/web/css/jplayer.blue.monday.min.css]
[p.w3layouts.com/demos/june-2016/01-06-2016/mosaic/web/js/jquery.jplayer.min.js]
[p.w3layouts.com/demos/june-2016/01-06-2016/mosaic/web/js/jplayer.playlist.min.js]
[p.w3layouts.com/demos/june-2016/01-06-2016/mosaic/web/images/v6-2.jpg]
[p.w3layouts.com/demos/june-2016/01-06-2016/mosaic/web/index.html]
[p.w3layouts.com/demos/june-2016/01-06-2016/mosaic/web/js/jquery.flexisel.js]
[p.w3layouts.com/demos/june-2016/01-06-2016/mosaic/web/images/a3.jpg]
[p.w3layouts.com/demos/june-2016/01-06-2016/mosaic/web/images/a6.jpg]
[p.w3layouts.com/demos/june-2016/01-06-2016/mosaic/web/images/a7.jpg]
[p.w3layouts.com/demos/june-2016/01-06-2016/mosaic/web/images/a4.jpg]
[p.w3layouts.com/demos/june-2016/01-06-2016/mosaic/web/images/a5.jpg]
[p.w3layouts.com/demos/june-2016/01-06-2016/mosaic/web/images/a1.jpg]
[p.w3layouts.com/demos/june-2016/01-06-2016/mosaic/web/images/a2.jpg]
[p.w3layouts.com/demos/june-2016/01-06-2016/mosaic/web/images/a8.jpg]
[p.w3layouts.com/demos/june-2016/01-06-2016/mosaic/web/images/a9.jpg]
[p.w3layouts.com/demos/june-2016/01-06-2016/mosaic/web/images/a10.jpg]
[p.w3layouts.com/demos/june-2016/01-06-2016/mosaic/web/images/a11.jpg]
[p.w3layouts.com/demos/june-2016/01-06-2016/mosaic/web/images/a12.jpg]
[p.w3layouts.com/demos/june-2016/01-06-2016/mosaic/web/images/v77.jpg]
[p.w3layouts.com/demos/june-2016/01-06-2016/mosaic/web/images/v88.jpg]
[p.w3layouts.com/demos/june-2016/01-06-2016/mosaic/web/images/v99.jpg]
[p.w3layouts.com/demos/june-2016/01-06-2016/mosaic/web/images/v9.jpg]
[p.w3layouts.com/demos/june-2016/01-06-2016/mosaic/web/images/v21.jpg]
[p.w3layouts.com/demos/june-2016/01-06-2016/mosaic/web/radio.html]
[p.w3layouts.com/demos/june-2016/01-06-2016/mosaic/web/images/v10.jpg]
[p.w3layouts.com/demos/june-2016/01-06-2016/mosaic/web/browse.html]
[p.w3layouts.com/demos/june-2016/01-06-2016/mosaic/web/images/pic_error.png]
[p.w3layouts.com/demos/june-2016/01-06-2016/mosaic/web/404.html]
[p.w3layouts.com/demos/june-2016/01-06-2016/mosaic/web/typography.html]
[p.w3layouts.com/demos/june-2016/01-06-2016/mosaic/web/contact.html]
[p.w3layouts.com/demos/june-2016/01-06-2016/mosaic/web/images/play.png]
[p.w3layouts.com/demos/june-2016/01-06-2016/mosaic/web/images/so.png]
[p.w3layouts.com/demos/june-2016/01-06-2016/mosaic/web/images/dot.png]
[p.w3layouts.com/demos/june-2016/01-06-2016/mosaic/web/images/dot1.png]
[p.w3layouts.com/demos/june-2016/01-06-2016/mosaic/web/images/time-box.png]
[p.w3layouts.com/demos/june-2016/01-06-2016/mosaic/web/css/audio.css]
[p.w3layouts.com/demos/june-2016/01-06-2016/mosaic/web/images/c1.jpg]
[p.w3layouts.com/demos/june-2016/01-06-2016/mosaic/web/images/c2.jpg]
[p.w3layouts.com/demos/june-2016/01-06-2016/mosaic/web/images/c3.jpg]
[p.w3layouts.com/demos/june-2016/01-06-2016/mosaic/web/images/c4.jpg]
[p.w3layouts.com/demos/june-2016/01-06-2016/mosaic/web/images/c5.jpg]
[p.w3layouts.com/demos/june-2016/01-06-2016/mosaic/web/images/c6.jpg]
[p.w3layouts.com/demos/june-2016/01-06-2016/mosaic/web/single.html]
[p.w3layouts.com/demos/june-2016/01-06-2016/mosaic/web/fonts/glyphicons-halflings-regular.svg]
[p.w3layouts.com/demos/june-2016/01-06-2016/mosaic/web/images/plus.html]
[p.w3layouts.com/demos/june-2016/01-06-2016/mosaic/web/images/minus.html]
[p.w3layouts.com/demos/june-2016/01-06-2016/mosaic/web/images/arrows.html]
[p.w3layouts.com/demos/june-2016/01-06-2016/mosaic/web/images/fb.html]
[p.w3layouts.com/demos/june-2016/01-06-2016/mosaic/web/images/tw.html]
[p.w3layouts.com/demos/june-2016/01-06-2016/mosaic/web/images/pin.html]
[p.w3layouts.com/demos/june-2016/01-06-2016/mosaic/web/images/icons.html]
[p.w3layouts.com/demos/june-2016/01-06-2016/mosaic/web/fonts/fontawesome-webfontba72.svg]
[p.w3layouts.com/images/W3Layouts-light.svg]
[p.w3layouts.com/demos/june-2016/01-06-2016/mosaic/web/css/popuo-box.css]
[p.w3layouts.com/demos/june-2016/01-06-2016/mosaic/web/images/jplayer.blue.monday.seeking.gif]
[p.w3layouts.com/demos/june-2016/01-06-2016/mosaic/web/images/jplayer.blue.monday.video.play.png]
[p.w3layouts.com/demos/june-2016/01-06-2016/mosaic/web/css/jplayer.blue.monday.min.css]
[p.w3layouts.com/demos/june-2016/01-06-2016/mosaic/web/images/dot1.html]
[p.w3layouts.com/demos/june-2016/01-06-2016/mosaic/web/images/time-box.html]
[p.w3layouts.com/demos/june-2016/01-06-2016/mosaic/web/images/jplayer.blue.monday.seeking.html]
